\\SERVER\Large\pics\nature\nature\117ied.jpeg
\\SERVER\Large\pics\nature\naturepics\viwqj.jpeg
\\SERVER\Large\pics\people\Starlets\15da44.gif
\\SERVER\Large\pics\general\pics\18yu93.jpeg
\\SERVER\Large\pics\nature\earthporn\1aayzd.jpeg
\\SERVER\Large\pics\general\wallpaper\17ywwf.jpeg
\\SERVER\Large\pics\general\pics\18avem.png
\\SERVER\Large\pics\general\pics\18pxlc.jpeg
\\SERVER\Large\pics\general\pics\1a1xwf.jpeg
\\SERVER\Large\pics\nature\earthporn\17ntpj.jpeg
\\SERVER\Large\pics\people\ScarlettJohansson\12krnp\0093.jpeg
\\SERVER\Large\pics\people\Starlets\16r88e.gif
\\SERVER\Large\pics\people\ScarlettJohansson\12krnp\0093.jpeg
\\SERVER\Large\pics\nature\earthporn\17ntpj.jpeg
\\SERVER\Large\pics\people\ScarlettJohansson\12krnp\0093.jpeg
\\SERVER\Large\pics\people\Starlets\16r88e.gif
\\SERVER\Large\pics\people\Starlets\15pokm.gif
\\SERVER\Large\pics\general\pics\1a1foo.jpeg
\\SERVER\Large\pics\nature\earthporn\19kvre.jpeg
\\SERVER\Large\pics\general\pics\1a9rxr.jpeg
\\SERVER\Large\pics\nature\earthporn\19kvre.jpeg
\\SERVER\Large\pics\general\pics\1a1foo.jpeg
\\SERVER\Large\pics\people\Starlets\15pokm.gif
\\SERVER\Large\pics\people\Starlets\16r88e.gif
\\SERVER\Large\pics\people\Starlets\15pokm.gif
\\SERVER\Large\pics\general\pics\1a1foo.jpeg
\\SERVER\Large\pics\nature\earthporn\19kvre.jpeg
\\SERVER\Large\pics\general\pics\1a9rxr.jpeg
\\SERVER\Large\pics\general\pics\19w5u8.jpeg
\\SERVER\Large\pics\people\SummerGlau\19l3mi.jpeg
\\SERVER\Large\pics\general\pics\19qs4j.jpeg
\\SERVER\Large\pics\general\funny\1a6avg.gif
\\SERVER\Large\pics\people\SummerGlau\p1nvb\0017.png
\\SERVER\Large\pics\general\wallpaper\19gi9u.jpeg
\\SERVER\Large\pics\nature\naturepics\19e53y.jpeg
\\SERVER\Large\pics\general\funny\1a2rat.gif
\\SERVER\Large\pics\nature\naturepics\19e53y.jpeg
\\SERVER\Large\pics\general\funny\1a2rat.gif
\\SERVER\Large\pics\nature\naturepics\19e53y.jpeg
\\SERVER\Large\pics\general\funny\1a2rat.gif
\\SERVER\Large\pics\people\JenniferLawrence\y7xso.jpeg
\\SERVER\Large\pics\general\pics\186zyb.jpeg
\\SERVER\Large\pics\nature\earthporn\18k2md.jpeg
\\SERVER\Large\pics\people\Celebs\19ytdd\0020.gif
\\SERVER\Large\pics\people\Starlets\15da10.gif
\\SERVER\Large\pics\nature\earthporn\188a3z.jpeg
\\SERVER\Large\pics\general\pics\19pkb7.jpeg
\\SERVER\Large\pics\general\wallpaper\13q3rw\0002.jpeg
\\SERVER\Large\pics\general\pics\19d3ow\0001.jpeg
\\SERVER\Large\pics\general\pics\19d0iv.jpeg
\\SERVER\Large\pics\general\funny\19aoxk.jpeg
\\SERVER\Large\pics\general\funny\18z73m.jpeg
\\SERVER\Large\pics\general\pics\199zaa.jpeg
\\SERVER\Large\pics\people\SummerGlau\p1nvb\0004.png
\\SERVER\Large\pics\general\funny\19wr33.gif
\\SERVER\Large\pics\general\pics\18xbop.jpeg
\\SERVER\Large\pics\people\Starlets\188itd.gif
\\SERVER\Large\pics\general\pics\18xdrg.jpeg
\\SERVER\Large\pics\general\funny\19l5rk.gif
\\SERVER\Large\pics\nature\earthporn\1a16am.jpeg
\\SERVER\Large\pics\people\Starlets\15h933.gif
\\SERVER\Large\pics\people\Starlets\17qhu4\0011.jpeg
\\SERVER\Large\pics\nature\nature\134w6u.jpeg
\\SERVER\Large\pics\general\pics\1a7xnj.jpeg
\\SERVER\Large\pics\people\Starlets\18olx7.gif
\\SERVER\Large\pics\nature\earthporn\1897e9.jpeg
\\SERVER\Large\pics\people\Starlets\16uuo1.gif
\\SERVER\Large\pics\general\historyporn\19i7yb.jpeg
\\SERVER\Large\pics\general\pics\195kgu\0026.jpeg
\\SERVER\Large\pics\general\EyeCandy\117rhp.gif
\\SERVER\Large\pics\general\EyeCandy\10gr5o.jpeg
\\SERVER\Large\pics\general\EyeCandy\znsoz.jpeg
\\SERVER\Large\pics\general\funny\18aye5.gif
\\SERVER\Large\pics\general\funny\1a3gqk.gif
\\SERVER\Large\pics\general\funny\19sn22.gif
\\SERVER\Large\pics\general\funny\19b1ak.gif
\\SERVER\Large\pics\general\funny\18fzmp.gif
\\SERVER\Large\pics\general\funny\19aaz1.gif
\\SERVER\Large\pics\general\funny\199e3h.gif
\\SERVER\Large\pics\general\funny\1a2eci.gif
\\SERVER\Large\pics\general\funny\18m5uj.gif
\\SERVER\Large\pics\general\funny\1916o9.gif
\\SERVER\Large\pics\general\pics\18lfnn.jpeg
\\SERVER\Large\pics\general\pics\1a0t4d.gif
\\SERVER\Large\pics\general\pics\19ol77.jpeg
\\SERVER\Large\pics\general\pics\19svq5.jpeg
\\SERVER\Large\pics\general\pics\19lzvu.jpeg
\\SERVER\Large\pics\general\pics\19w3cz.jpeg
\\SERVER\Large\pics\general\pics\18kgy8.jpeg
\\SERVER\Large\pics\general\pics\1973tz.jpeg
\\SERVER\Large\pics\general\pics\1a4vvm.jpeg
\\SERVER\Large\pics\general\pics\196cfn.jpeg
\\SERVER\Large\pics\people\Starlets\18t8dt.gif
\\SERVER\Large\pics\nature\ruralporn\19e4hf.jpeg
\\SERVER\Large\pics\general\pics\18xrws.jpeg
\\SERVER\Large\pics\general\pics\199h9r.jpeg
\\SERVER\Large\pics\general\pics\18y1n9.jpeg
\\SERVER\Large\pics\people\Starlets\15fg5g.gif
\\SERVER\Large\pics\nature\earthporn\197wzi.jpeg
\\SERVER\Large\pics\people\gentlemanboners\19suic.jpeg
\\SERVER\Large\pics\general\pics\18ioxp.jpeg
\\SERVER\Large\pics\people\Celebs\19ytdd\0022.gif
\\SERVER\Large\pics\people\AlisonBrie\189y1j.gif
\\SERVER\Large\pics\nature\earthporn\1a31i5.jpeg
\\SERVER\Large\pics\nature\earthporn\184j8y.jpeg
\\SERVER\Large\pics\nature\earthporn\1a31i5.jpeg
